[     947ms] [INFO] %cDownload the React DevTools for a better development experience: https://react.dev/link/react-devtools font-weight:bold @ http://localhost:3000/_next/static/chunks/1sgq_next_dist_1j2a2xq._.js:2489
[     970ms] [LOG] [HMR] connected @ http://localhost:3000/_next/static/chunks/1sgq_next_dist_1j2a2xq._.js:2489
[    1149ms] [LOG] [Fast Refresh] rebuilding @ http://localhost:3000/_next/static/chunks/1sgq_next_dist_1j2a2xq._.js:2489
[    1155ms] [LOG] [Fast Refresh] done in 115ms @ http://localhost:3000/_next/static/chunks/1sgq_next_dist_1j2a2xq._.js:2489
[    1272ms] [LOG] [Fast Refresh] rebuilding @ http://localhost:3000/_next/static/chunks/1sgq_next_dist_1j2a2xq._.js:2489
[    1326ms] [LOG] [Fast Refresh] done in 165ms @ http://localhost:3000/_next/static/chunks/1sgq_next_dist_1j2a2xq._.js:2489
[   35435ms] [LOG] [Fast Refresh] rebuilding @ http://localhost:3000/_next/static/chunks/1sgq_next_dist_1j2a2xq._.js:2489
[   35487ms] [LOG] [Fast Refresh] done in 156ms @ http://localhost:3000/_next/static/chunks/1sgq_next_dist_1j2a2xq._.js:2489
[   53300ms] [LOG] [Fast Refresh] rebuilding @ http://localhost:3000/_next/static/chunks/1sgq_next_dist_1j2a2xq._.js:2489
[   53351ms] [LOG] [Fast Refresh] done in 154ms @ http://localhost:3000/_next/static/chunks/1sgq_next_dist_1j2a2xq._.js:2489
[   97333ms] [LOG] [Fast Refresh] rebuilding @ http://localhost:3000/_next/static/chunks/1sgq_next_dist_1j2a2xq._.js:2489
[   97406ms] [LOG] [Fast Refresh] done in 175ms @ http://localhost:3000/_next/static/chunks/1sgq_next_dist_1j2a2xq._.js:2489
[  133105ms] [LOG] [Fast Refresh] rebuilding @ http://localhost:3000/_next/static/chunks/1sgq_next_dist_1j2a2xq._.js:2489
[  133161ms] [LOG] [Fast Refresh] done in 159ms @ http://localhost:3000/_next/static/chunks/1sgq_next_dist_1j2a2xq._.js:2489
[  172397ms] [LOG] [Fast Refresh] rebuilding @ http://localhost:3000/_next/static/chunks/1sgq_next_dist_1j2a2xq._.js:2489
[  172449ms] [LOG] [Fast Refresh] done in 154ms @ http://localhost:3000/_next/static/chunks/1sgq_next_dist_1j2a2xq._.js:2489
[  237678ms] [LOG] [Fast Refresh] rebuilding @ http://localhost:3000/_next/static/chunks/1sgq_next_dist_1j2a2xq._.js:2489
[  237685ms] [LOG] [Fast Refresh] done in 112ms @ http://localhost:3000/_next/static/chunks/1sgq_next_dist_1j2a2xq._.js:2489
[  291336ms] [LOG] [Fast Refresh] rebuilding @ http://localhost:3000/_next/static/chunks/1sgq_next_dist_1j2a2xq._.js:2489
[  291387ms] [LOG] [Fast Refresh] done in 150ms @ http://localhost:3000/_next/static/chunks/1sgq_next_dist_1j2a2xq._.js:2489
[  327882ms] [LOG] [Fast Refresh] rebuilding @ http://localhost:3000/_next/static/chunks/1sgq_next_dist_1j2a2xq._.js:2489
[  327888ms] [LOG] [Fast Refresh] done in 110ms @ http://localhost:3000/_next/static/chunks/1sgq_next_dist_1j2a2xq._.js:2489
[  366925ms] [LOG] [Fast Refresh] rebuilding @ http://localhost:3000/_next/static/chunks/1sgq_next_dist_1j2a2xq._.js:2489
[  366978ms] [LOG] [Fast Refresh] done in 155ms @ http://localhost:3000/_next/static/chunks/1sgq_next_dist_1j2a2xq._.js:2489
[  391502ms] [LOG] [Fast Refresh] rebuilding @ http://localhost:3000/_next/static/chunks/1sgq_next_dist_1j2a2xq._.js:2489
[  391556ms] [LOG] [Fast Refresh] done in 156ms @ http://localhost:3000/_next/static/chunks/1sgq_next_dist_1j2a2xq._.js:2489
[  429891ms] [LOG] [Fast Refresh] rebuilding @ http://localhost:3000/_next/static/chunks/1sgq_next_dist_1j2a2xq._.js:2489
[  430018ms] [LOG] [Fast Refresh] done in 229ms @ http://localhost:3000/_next/static/chunks/1sgq_next_dist_1j2a2xq._.js:2489
[  430122ms] [LOG] [Fast Refresh] rebuilding @ http://localhost:3000/_next/static/chunks/1sgq_next_dist_1j2a2xq._.js:2489
[  430190ms] [LOG] [Fast Refresh] done in 169ms @ http://localhost:3000/_next/static/chunks/1sgq_next_dist_1j2a2xq._.js:2489
